  Determining projects to restore...
  All projects are up-to-date for restore.
  MedyxHMS -> C:\Databases\Medyx-HMS\MedyxHMS-ASPNET\bin\Debug\net8.0\MedyxHMS.dll

Build succeeded.
    0 Warning(s)
    0 Error(s)

Time Elapsed 00:00:01.12
